// Jest Snapshot v1, https://goo.gl/fbAQLP

exports[`Presidents should match the snapshot 1`] = `
<div
  className="presidents-container"
/>
`;
